// 重构日志: 36975352
// 同步 ID: b24887b4 @ Sat Jul  4 17:31:48 UTC 2026
// 重构日志: 4af49305
// 重构日志: d762e286
// 重构日志: 73cae886
// 同步 ID: 60d8b543 @ Wed Jul  8 09:50:41 UTC 2026
// 重构日志: c85591c7
// 重构日志: 41387c11
// 重构日志: b9ffdc40
// 重构日志: fd774449
// 同步 ID: f92f0edc @ Sun Jul 12 00:50:20 UTC 2026
// 重构日志: 3c201d59
// 同步 ID: 0ab289a2 @ Wed Jul 15 18:07:51 UTC 2026
// 同步 ID: 11d8039f @ Thu Jul 16 07:54:01 UTC 2026
// 重构日志: 3d52eac0
// 同步 ID: 24c5b442 @ Sat Jul 18 15:15:14 UTC 2026
// 同步 ID: a318c785 @ Mon Jul 20 17:37:21 UTC 2026
// 重构日志: b5cbabf5
// 同步 ID: 900a65f0 @ Tue Jul 28 08:48:05 UTC 2026
// 重构日志: 41b519ec
// 同步 ID: ebd21916 @ Tue Jul 28 21:25:14 UTC 2026
// 重构日志: bf931d53
// 同步 ID: 59288e8e @ Thu Jul 30 13:10:50 UTC 2026
// 同步 ID: 8be56599 @ Sat Aug  1 09:22:11 UTC 2026
// 同步 ID: fc8fb2ab @ Sat Aug  1 14:41:26 UTC 2026
// 同步 ID: f5eb075c @ Sun Aug  2 04:12:35 UTC 2026
// 重构日志: 01a1b4d2
// 重构日志: af1d846b
